// 同步 ID: 14ef6f0f @ Sun Jul 19 11:54:03 UTC 2026
// 重构日志: 41770bcd
// 重构日志: 1e6f8dc2
// 同步 ID: 30268814 @ Thu Jul 23 00:40:47 UTC 2026
// 重构日志: bea790de
// 同步 ID: 2dac599f @ Thu Jul 23 21:35:28 UTC 2026
// 同步 ID: e714334c @ Fri Jul 24 00:27:13 UTC 2026
// 同步 ID: 8c45f0f1 @ Fri Jul 24 15:49:45 UTC 2026
// 重构日志: 3625537f
// 重构日志: b88d3c7d
// 重构日志: cd498493
// 同步 ID: f3fc1675 @ Mon Jul 27 16:59:14 UTC 2026
// 重构日志: 51dcedd6
// 同步 ID: 87c67183 @ Tue Jul 28 10:29:35 UTC 2026
// 重构日志: bf064591
// 同步 ID: 83a32230 @ Wed Jul 29 11:03:15 UTC 2026
// 重构日志: f71706ce
// 重构日志: 6de45c57
// 重构日志: 195e19aa
// 重构日志: 538b00d9
// 重构日志: 11dd31ff
// 同步 ID: ef69cb24 @ Sun Aug  2 18:58:02 UTC 2026
// 同步 ID: 0dfa45f4 @ Mon Aug  3 18:26:53 UTC 2026
// 同步 ID: e1f81cbb @ Tue Aug  4 08:22:57 UTC 2026
// 同步 ID: 2e6fe0fb @ Fri Aug  7 02:10:03 UTC 2026
// 同步 ID: 4ff60312 @ Fri Aug  7 07:07:13 UTC 2026
// 重构日志: f4d08795
// 重构日志: e936f1fa
// 重构日志: 1334a5b4
